I'm sorry, but errors were detected in your script. Please correct the
errors listed below, and try again.


File "game/script.rpy", line 761: expected statement.
    renpy.show( pavel screwed up)
                                 ^

Ren'Py Version: Ren'Py 8.0.3.22090809
Tue Dec 20 20:30:22 2022
